// Jest Snapshot v1, https://goo.gl/fbAQLP

exports[`test flashcardscreen functions and interface renders flash card initial screen 1`] = `
<View
  style={
    Object {
      "alignItems": "center",
      "backgroundColor": "#fff",
      "flex": 1,
      "fontSize": 20,
      "justifyContent": "center",
    }
  }
>
  <View
    onMoveShouldSetResponder={[Function]}
    onMoveShouldSetResponderCapture={[Function]}
    onResponderEnd={[Function]}
    onResponderGrant={[Function]}
    onResponderMove={[Function]}
    onResponderReject={[Function]}
    onResponderRelease={[Function]}
    onResponderStart={[Function]}
    onResponderTerminate={[Function]}
    onResponderTerminationRequest={[Function]}
    onStartShouldSetResponder={[Function]}
    onStartShouldSetResponderCapture={[Function]}
    style={
      Object {
        "flex": 6,
      }
    }
  >
    <View
      style={
        Object {
          "alignItems": "center",
          "backgroundColor": "#314bde",
          "borderRadius": 30,
          "flex": 6,
          "height": "60%",
          "justifyContent": "center",
          "marginBottom": 10,
          "marginTop": "10%",
          "width": "80%",
        }
      }
    >
      <Text
        style={
          Object {
            "color": "white",
            "fontSize": 30,
            "margin": "10%",
            "textAlign": "center",
          }
        }
      >
         
        Question:
Lorem ipsum dolor sit amet, consectetur adipiscing elit.
         
      </Text>
    </View>
  </View>
  <View
    style={
      Object {
        "flex": 2,
      }
    }
  >
    <View
      style={
        Object {
          "alignItems": "center",
          "justifyContent": "center",
          "paddingLeft": "20%",
          "paddingRight": "20%",
          "width": "100%",
        }
      }
    >
      <View
        style={
          Array [
            Object {
              "alignItems": "center",
              "backgroundColor": "#ffbcbc",
              "borderColor": "red",
              "borderWidth": 1,
              "height": 100,
              "justifyContent": "center",
              "margin": 10,
              "width": 300,
            },
            undefined,
          ]
        }
      >
        <Text
          style={
            Object {
              "color": "#333333",
              "margin": 20,
            }
          }
        >
          TouchableNativeFeedback is not supported on this platform!
        </Text>
      </View>
    </View>
  </View>
</View>
`;
