// Jest Snapshot v1, https://goo.gl/fbAQLP

exports[`renders flash card initial screen 1`] = `
<View
  style={
    Object {
      "alignItems": "center",
      "backgroundColor": "#fff",
      "flex": 1,
      "fontSize": 20,
      "justifyContent": "center",
    }
  }
>
  <Text>
    Amagi Academy
  </Text>
</View>
`;
