// Jest Snapshot v1, https://goo.gl/fbAQLP

exports[`test FlipButton component renders correctly 1`] = `
<View
  style={
    Object {
      "alignItems": "center",
      "justifyContent": "center",
      "paddingLeft": "20%",
      "paddingRight": "20%",
      "width": "100%",
    }
  }
>
  <View
    accessible={true}
    onResponderGrant={[Function]}
    onResponderMove={[Function]}
    onResponderRelease={[Function]}
    onResponderTerminate={[Function]}
    onResponderTerminationRequest={[Function]}
    onStartShouldSetResponder={[Function]}
    style={
      Object {
        "alignItems": "center",
        "backgroundColor": "yellow",
        "borderRadius": 25,
        "justifyContent": "center",
        "paddingLeft": "20%",
        "paddingRight": "20%",
        "transform": Array [
          Object {
            "scale": 1,
          },
        ],
        "width": "100%",
      }
    }
  >
    <Text
      style={
        Object {
          "fontSize": 30,
          "margin": 10,
          "textAlign": "center",
        }
      }
    >
      Flip
    </Text>
  </View>
</View>
`;
